<h1>Begin</h1>

    <p>Hello from htmx</p>

<h2>End</h2>